{
    "-profile test_sylph": {
        "content": [
            [
                "",
                "test.human.bam"
            ],
            [
                "",
                "test.unmapped.bam",
                "test.unmapped_1.fastq.gz",
                "test.unmapped_other.fastq.gz",
                "test.unmapped_singleton.fastq.gz"
            ],
            [
                "",
                "test.tsv"
            ],
            [
                "",
                "test.sylphmpa"
            ],
            [
                "test\t{'tax_rank': 'r', 'taxonomy': 'Riboviria', 'rel_abundance': 100.0}\t{'tax_rank': 'k', 'taxonomy': 'Orthornavirae', 'rel_abundance': 100.0}\t{'tax_rank': 'p', 'taxonomy': 'Pisuviricota', 'rel_abundance': 100.0}\t{'tax_rank': 'c', 'taxonomy': 'Pisoniviricetes', 'rel_abundance': 100.0}\t{'tax_rank': 'o', 'taxonomy': 'Nidovirales', 'rel_abundance': 100.0}\t{'tax_rank': 'f', 'taxonomy': 'Coronaviridae', 'rel_abundance': 100.0}\t{'tax_rank': 'g', 'taxonomy': 'Betacoronavirus', 'rel_abundance': 100.0}\t{'tax_rank': 's', 'taxonomy': 'Severe acute respiratory syndrome-related coronavirus', 'rel_abundance': 100.0}\t{'tax_rank': 't', 'taxonomy': 'MT192765.1', 'rel_abundance': 100.0}"
            ]
        ],
        "timestamp": "2026-08-04T12:38:22.392161886",
        "meta": {
            "nf-test": "0.9.5",
            "nextflow": "25.10.4"
        }
    }
}